
listening for changes.

ERROR
function index: 0/
function index name: 1/
parameter index: 1/
value error: '5' does not match the allowed value '12'/
function and test execution time: 0ms/
file path:index_a

ERROR
function index: 0/
function index name: 1/
parameter index: 2/
value error: '113' does not match the allowed value 'hello world'/
function and test execution time: 0ms/
file path:index_a
